kimi version 0.39.1
• Let me start by reading the BRIEF section 3 and the FleetPulse component.

• I'll re-read the revised BRIEF section and the current FleetPulse component.

• Now let me check the data module for deriveStatus, DeviceStatus, and check if there's a severity ordering helper. Also check Tailwind config for fill-status tokens and StatusBadge.

  I need:
  - severity rank: critical=4, serious=3, warning=2, offline=1 (stub), good=0
  - sort: worst-first by severity rank desc, then lastSeen desc
  - heights: good = short dim tick on baseline; warning = low; serious = mid; critical = full; offline = distinct short stub
  - opacity = freshness, with min opacity floor.

  Heights (HEIGHT=64): good ~ MIN (7), warning ~ 20, serious ~ 40, critical = 64, offline ~ 7 stub (but distinct — maybe slightly different shape? BRIEF says "distinct short stub in the offline grey" — short stub + grey colour distinguishes it; keep same short height as good but offline grey colour, and opacity full? Freshness for offline... freshness should still fade stale devices. Offline = stale already. Maybe offline ticks keep fixed mid-low opacity).

  Let me define heights: good: 7, offline: 7, warning: 22, serious: 40, critical: 64.

  For "short dim tick" for good: good ticks get lower base opacity (dim). Opacity = freshness maps 0..1 to MIN_OPACITY..1. But good ticks should be dim even when fresh — otherwise they'd still be bright green wall, just short. The BRIEF says "a healthy device is a short, dim tick". So good gets a dim factor. Let's say:

  opacity = lerp: min 0.25, max 1.0, based on freshness. For good devices, multiply by 0.55 to make them dim. Hmm, but opacity is supposed to carry freshness. A fixed dim factor for good is fine — BRIEF explicitly says "short, dim tick".

  Actually simpler: good ticks use opacity = 0.25 + freshness * 0.3 (max ~0.55), others opacity = 0.35 + freshness * 0.65. Offline: fixed, since freshness is meaningless for offline (they're not reporting). Give offline a moderate opacity like 0.5.

  Let me check data.ts for severity ordering and device data. Also need STATUS_RANK maybe already exists. Let me read the data module and tailwind config.

• Now let me check the data module and styling tokens.

• I have everything I need. Now rewrite FleetPulse.tsx:

  Changes:
  1. Doc comment header — update encoding description.
  2. Add severity rank + height map.
  3. Sort worst-first, then most recently seen.
  4. Opacity from freshness with min floor; good ticks dim; offline fixed.
  5. Update caption text.
  6. Legend reorder: critical, serious, warning, offline, good.

  Heights: HEIGHT=64. critical=64, serious=40 (mid), warning=22 (low), good=7 (stub on baseline), offline=7 (stub, grey). To make offline "distinct" from good, the colour differs; also could give offline slightly different height, e.g., 10. BRIEF says "distinct short stub" — I'll give offline height 12 so it reads differently from good's 7, plus grey colour. Hmm, but heights must be from severity semantics. Offline isn't a severity level in the same scale; making it a short stub (like BRIEF says) distinguishes via colour + shape. I'll use height 12 for offline so it's visually distinct from good's 7.

  Opacity:
  - MIN_OPACITY = 0.25 legibility floor.
  - Non-good: opacity = MIN + freshness * (1 - MIN), i.e. 0.25–1.0.
  - good: dim — opacity = 0.18 + freshness * 0.22 → max 0.4? Min floor should keep legibility... good ticks are the quiet mass; 0.2–0.45 is legible on surface-1 given status-good #0ca30c. Keep it: GOOD_MAX_OPACITY = 0.45.
  - offline: freshness is meaningless; fixed at 0.7? Offline grey #56605f at full opacity is fine. But freshness is 0 for offline in current code. Give offline a fixed opacity of 0.75 — distinct but present. Actually BRIEF: "a device drifting toward stale fades toward the surface colour" — offline devices are stale by definition, but we still want them visible (they need attention). Fixed moderate opacity works.

  Keep MIN_TICK_H concept replaced by severity heights. Keep FRESH_WINDOW_SEC.

  Freshness for good opacity still uses freshness so even good ticks fade when stale (before going offline).

  Flash highlight and focus ring: focus rect uses h — now severity height. Fine.

  Sort: rank map critical=4, serious=3, warning=2, offline=1, good=0; sort by rank desc, then lastSeen desc.

  Caption text: "One tick per device — height is severity, fade is staleness, worst first on the left."

  Legend: reorder worst-first.

  Now write the new file. I'll do targeted edits rather than a full rewrite. Actually the changes touch many parts; but Edit tool with several edits is fine. Let me do them sequentially (must not do consecutive edits on same file without re-read — the rule says don't issue consecutive Edit calls on same file in one response; I'll do them one at a time, or batch differently. Rule: "Multiple Edit calls may run in one response only when they do not target the same file." So sequential edits across responses, re-reading not strictly needed if my edits don't overlap — but the guidance says a previous edit can invalidate old_string. My edits are in different regions, so it's safe to do them one per turn without re-reading. That's slow; alternatively Write the whole file. The file has continuity but I'm rewriting substantial parts. Edits are cleaner. I'll do ~5 sequential edits.

  Actually, I can put multiple Edits to the same file in separate messages. Fine, let's just go.

  Edit 1: header comment.
  Edit 2: constants (replace MIN_TICK_H block, add severity heights/rank).
  Edit 3: TickModel + sorting.
  Edit 4: opacity computation in render + caption + legend.

  Let me plan the exact code.

  Header comment:

  ```
  /**
   * FleetPulse — the signature element (BRIEF §3).
   *
   * A full-width dense strip of one thin vertical tick per device:
   *   tick colour = status, tick height = severity
   *   (good is a short dim tick on the baseline, warning low, serious mid,
   *   critical full height, offline a short stub in the offline grey),
   *   tick opacity = data freshness (a stale reading fades toward the
   *   surface), ordered worst first on the left.
   *
   * Rendered as SVG so every tick is a real DOM node. Hovering (or moving the
   * keyboard cursor with arrow keys) reveals which device a tick is; clicking
   * (or Enter) opens that device's drawer. A tick that changes status gets a
   * brief highlight and nothing more — reduced-motion users get the state
   * change without the animation (index.css neutralises the keyframes).
   */
  ```

  Constants:

  ```ts
  const HEIGHT = 64
  const TICK_W = 3
  const TICK_GAP = 2
  const PITCH = TICK_W + TICK_GAP
  /**
   * Tick height carries severity (BRIEF §3): good and offline are short stubs
   * on the baseline, warning low, serious mid, critical full height.
   */
  const TICK_HEIGHT: Record<DeviceStatus, number> = {
    good: 7,
    offline: 12,
    warning: 22,
    serious: 40,
    critical: HEIGHT,
  }
  /** Worst-first ordering of the strip. */
  const SEVERITY_RANK: Record<DeviceStatus, number> = {
    critical: 4,
    serious: 3,
    warning: 2,
    offline: 1,
    good: 0,
  }
  /** A reading 15 minutes old reads as fully stale. */
  const FRESH_WINDOW_SEC = 15 * 60
  /** Fade floor: a stale tick dims toward the surface but never vanishes. */
  const MIN_OPACITY = 0.25
  /** Fresh good ticks stay dim — the baseline should read quiet, not loud. */
  const GOOD_MAX_OPACITY = 0.45
  /** Offline ticks are stale by definition; keep them at a fixed mid opacity. */
  const OFFLINE_OPACITY = 0.7
  /** How long a status change stays highlighted, ms. */
  const FLASH_MS = 1500
  ```

  Sorting:

  ```ts
    // One tick per device, worst first; within a group most recently seen first.
    const ticks = useMemo<TickModel[]>(() => {
      const models = fleet.map((device) => {
        const latest = latestReading(device)
        const status = deriveStatus(device, latest, now)
        const ageSec = latest ? Math.max(0, (now - latest.timestamp) / 1000) : Number.POSITIVE_INFINITY
        const freshness =
          status === 'offline' ? 0 : Math.max(0, 1 - ageSec / FRESH_WINDOW_SEC)
        return { device, status, freshness, lastSeen: latest?.timestamp }
      })
      models.sort(
        (a, b) =>
          SEVERITY_RANK[b.status] - SEVERITY_RANK[a.status] ||
          (b.lastSeen ?? 0) - (a.lastSeen ?? 0),
      )
      return models
    }, [fleet, now])
  ```

  Render:

  ```ts
            {visible.map((t, i) => {
              const h = TICK_HEIGHT[t.status]
              const opacity =
                t.status === 'offline'
                  ? OFFLINE_OPACITY
                  : t.status === 'good'
                    ? MIN_OPACITY * 0.7 + t.freshness * (GOOD_MAX_OPACITY - MIN_OPACITY * 0.7)
                    : MIN_OPACITY + t.freshness * (1 - MIN_OPACITY)
  ```

  Hmm, good min: I want good ticks to fade too but stay dim. Range [~0.18, 0.45]. Use GOOD_MIN_OPACITY = 0.18? But "legible minimum opacity so nothing vanishes" — 0.18 of #0ca30c on #0f1619... it's dim but present. Better keep min at 0.2. Let me simplify: good range = 0.2 + freshness * 0.25 → [0.2, 0.45]. Define GOOD_MIN_OPACITY = 0.2, GOOD_MAX_OPACITY = 0.45.

  ```ts
              const opacity =
                t.status === 'offline'
                  ? OFFLINE_OPACITY
                  : t.status === 'good'
                    ? GOOD_MIN_OPACITY + t.freshness * (GOOD_MAX_OPACITY - GOOD_MIN_OPACITY)
                    : MIN_OPACITY + t.freshness * (1 - MIN_OPACITY)
  ```

  Add `opacity={opacity}` on the rect.

  Caption:

  ```tsx
          <p className="text-xs text-text-muted">
            One tick per device — height is severity, fade is staleness, worst first on the left.
          </p>
  ```

  Legend order:

  ```tsx
          {(['critical', 'serious', 'warning', 'offline', 'good'] as const).map((s) => (
  ```

  Also the aria-label on the listbox mentions nothing about encoding; fine.

  One more thing: the doc comment in the header mentions "ordered most-recently-seen on the left" — updated.

  Now the "verify it actually looks right" requirement. I can build, and optionally render a screenshot? I can't easily screenshot without a browser. I could run the dev server and use some headless tool — may not be available. Alternative: write a quick node script? Too heavy. At minimum, reason about it: good ticks are 7px at 0.2–0.45 opacity — quiet baseline; critical spikes full height. I could simulate the tick model output with a small script using the data layer? The mock feed is in TS; running it requires vite/tsx. tsx may not be installed. I can run `npm run build` for type check. For visual verification, I could check if playwright/chromium exists. Let me check quickly after building.

  Let me make the edits now.

• Now I'll rework the component with five targeted edits, starting with the header comment and constants.

• Next, the sort order (worst-first) and the render encoding.

• Now the caption text and the worst-first legend order.

• Now build. Also check if any other text in the app references the old encoding (e.g., DashboardPage or architecture docs). Grep for "freshness" and "freshest" in src.

• Now checking for any other references to the old encoding, then building.


vite v5.4.21 building for production...
transforming...
✓ 54 modules transformed.
rendering chunks...
computing gzip size...
dist/index.html                                                        0.43 kB │ gzip:  0.29 kB
dist/assets/ibm-plex-mono-latin-400-normal-CvHOgSBP.woff              13.14 kB
dist/assets/ibm-plex-mono-latin-500-normal-CB9ihrfo.woff              13.16 kB
dist/assets/ibm-plex-mono-latin-400-normal-DMJ8VG8y.woff2             14.71 kB
dist/assets/ibm-plex-mono-latin-500-normal-DSY6xOcd.woff2             14.89 kB
dist/assets/ibm-plex-sans-condensed-latin-600-normal-6XnkKYvF.woff    18.76 kB
dist/assets/ibm-plex-sans-condensed-latin-600-normal-CRd5VyFf.woff2   19.82 kB
dist/assets/ibm-plex-sans-latin-400-normal-CYLoc0-x.woff              22.10 kB
dist/assets/ibm-plex-sans-latin-400-normal-CDDApCn2.woff2             22.59 kB
dist/assets/ibm-plex-sans-latin-500-normal-BgVn5rGT.woff              23.92 kB
dist/assets/ibm-plex-sans-latin-500-normal-6ng42L7E.woff2             24.18 kB
dist/assets/index-Cpa_09jj.css                                        12.74 kB │ gzip:  3.59 kB
dist/assets/index-Nj7pCVhZ.js                                        195.95 kB │ gzip: 63.16 kB
✓ built in 968ms
• Build passes, zero TS errors. Now verify the visual result. Can I screenshot? Check if playwright/chromium is available. Let me check quickly.

• Build is clean. Now I need to actually verify the visual result — checking if a headless browser is available./usr/bin/google-chrome


• google-chrome is available. I can serve dist and take a headless screenshot of the FleetPulse strip.

  Plan: `python3 -m http.server` or just use `npx vite preview`? Simplest: serve dist with a static server in background, then `google-chrome --headless --screenshot=... --window-size=1400,900 http://localhost:PORT/`. HashRouter — root route fine.

• Chrome is available. I'll serve the build and screenshot the page headlessly to verify the strip.-rw-rw-r-- 1 marketer7 marketer7 100706 Sep 18 05:48 /tmp/fleetpulse.png


• The screenshot shows exactly the intended result: a cluster of tall red/orange/yellow spikes on the left (worst first), grey offline stubs, then a long quiet dim green baseline. Caption updated. Legend worst-first.

  Let me zoom into the strip to verify tick heights — crop region around y=185–270.

• The strip now reads as intended — trouble spikes on the left, quiet green baseline. Let me zoom in on the strip to check the tick detail.

• Verified: full-height red critical spikes on the left, mid orange serious, low yellow warning, short grey offline stubs, then a long quiet dim green baseline. Exactly the spec. 

  Now append to orchestration/logs/T3-SUMMARY.md. Check the file exists first.**Verified visually:** headless Chrome screenshot of the built `dist/` output —
the strip is a long quiet dim-green baseline with full-height red critical
spikes, mid orange, low yellow and short grey stubs clustered on the left.
`npm run build` exits 0 with zero TypeScript errors under strict mode, zero
warnings.


• Rework done. Summary:

  **`frontend/src/components/FleetPulse.tsx`** — the only file changed:

  - **Height now carries severity** via a `TICK_HEIGHT` map: good = 7px dim tick on the baseline, warning = 22px, serious = 40px, critical = 64px full height, offline = 12px stub (slightly taller than good so the two short stubs don't read alike, plus the offline grey).
  - **Opacity now carries freshness**: stale ticks fade toward the surface down to a 0.25 floor — nothing vanishes. Good ticks stay capped dim (0.2–0.45) even when fresh, so the baseline is quiet by design. Offline sits at a fixed 0.7 since freshness is meaningless for it.
  - **Order is worst-first** via `SEVERITY_RANK` (critical → serious → warning → offline → good), most recently seen first within each group.
  - **Caption** updated to "height is severity, fade is staleness, worst first on the left".
  - **Legend** reordered worst-first to match the strip, still icon + label + colour.

  Everything that worked stayed: one tick per device, hover readout, click-to-drawer, status-change flash, reduced-motion handling, keyboard cursor, and the "Showing N of M" truncation.

  **Verification:** `npm run build` exits 0, zero TS errors, zero warnings. I also screenshotted the built page with headless Chrome and inspected the strip at native resolution — it's a long quiet green baseline with the red/orange/yellow spikes and grey offline stubs clustered on the left, exactly the intended read. Changes appended to `orchestration/logs/T3-SUMMARY.md` under `## Rework: FleetPulse encoding`.

To resume this session: kimi -r session_f74df7bd-2f19-4dd6-b443-a33920b6375e
